---
source: tests/ui_tests.rs
expression: output
---
                                                                                                                        
                                                                                                                        
                                                                                                                        
                                                                                                                        
                                                                                                                        
                                                                                                                        
                        ╭ 🚀  Setup Wizard ─────────────────────────────────────────────────────╮                        
                        │                       Step 1/4: Directory Paths                      │                        
                        │                                                                      │                        
                        │  Staging Directory                                                   │                        
                        │  > ./staging                                                         │                        
                        │                                                                      │                        
                        │  Quarantine Directory                                                │                        
                        │  > ./quarantine                                                      │                        
                        │                                                                      │                        
                        │                                                                      │                        
                        │                                                                      │                        
                        │                                                                      │                        
                        │                                                                      │                        
                        │                                                                      │                        
                        │                                                                      │                        
                        │                                                                      │                        
                        │                                                                      │                        
                        │                                                                      │                        
                        │                                                                      │                        
                        │                                                                      │                        
                        │                                                                      │                        
                        │                                                                      │                        
                        │                                                                      │                        
                        │                                                                      │                        
                        │                                                                      │                        
                        │↑/↓: Select | Enter: Edit | Tab: Next Step | Shift+Tab: Back | q: Quit│                        
                        │                                                                      │                        
                        ╰──────────────────────────────────────────────────────────────────────╯
