---
source: tests/ui_tests.rs
expression: output
---
╭ Navigation ───╭ Quarantine Zone ─────────────────────────╮ Job #1 Details ───────────────────────────────────────────╮
│  Transfers    │File                 Threat Status  Time  │SUMMARY                                                    │
│▌ Quarantine   │malware.exe          -      Detecte 23d ag│Result     : quarantined                                   │
│  Logs         │                                          │Operation  : Transfer                                      │
│  Settings     │                                          │Size       : 488.28 KB                                     │
│               │                                          │Avg Rate   : -                                             │
│               │                                          │Session    : test-session                                  │
│               │                                          │Started    : 2026-01-15T10:30:00+00:00                     │
│               │                                          │Finished   : -                                             │
│               │                                          │                                                           │
│               │                                          │TRANSFER                                                   │
│               │                                          │Source     : /uploads/malware.exe                          │
│               │                                          │Dest       : /uploads/malware.exe                          │
│               │                                          │Source Ep  : -                                             │
│               │                                          │Dest Ep    : -                                             │
│               │                                          │Upload     : none                                          │
│               │                                          │Scan       : infected                                      │
│               │                                          │                                                           │
│               │                                          │POLICY                                                     │
│               │                                          │Conflict   : -                                             │
│               │                                          │Scan Mode  : -                                             │
│               │                                          │Scan Time  : 500ms                                         │
│               │                                          │Retry      : attempt 1                                     │
│               │                                          │                                                           │
│               │                                          │INTEGRITY                                                  │
│               │                                          │Verdict    : Not Available                                 │
│               │                                          │Remote     : Not uploaded                                  │
│               │                                          │Local      : Calculating...                                │
│               │                                          │                                                           │
│               │                                          │ERROR                                                      │
│               │                                          │Message    : Infected: Win.Trojan.Agent-123456             │
│               │                                          │                                                           │
│               │                                          │RECENT EVENTS                                              │
│               │                                          │Events     : none                                          │
│               │                                          │───────────────────────────────────────────────────────────╯
│               │                                          │ Metrics                                                   │
│               │                                          │Disk Read:  0 B               Net Down: 0 B                │
│               │                                          │Disk Write: 0 B               Net Up:   0 B                │
╰───────────────╰──────────────────────────────────────────╯───────────────────────────────────────────────────────────╯
← Rail  │  d Clear  │  R Refresh  │  Tab             ClamAV: Connected  │  S3: Not Configured  │  Jobs: 0  │  Threats: 1
