---
source: tests/ui_tests.rs
expression: output
---
╭ Navigation ───╭ Local /test/path───╮ Remote (S3): 0 [Path╮ Job #1 Details ───────────────────────────────────────────╮
│▌ Transfers    │ Size      Modified │Name                 │Status: uploading                                          │
│  Quarantine   │ -         -        │                     │Path:   /uploads/reports/q1/sales.csv                      │
│  Logs         │ -         -        │                     │Session: test-session                                      │
│  Settings     │ 1.0 KB    -        │                     │Report:  scan_report_test-session.txt                      │
│               │ 2.0 MB    -        │                     │Size:   488.28 KB                                          │
│               │                    │                     │Scan:   clean                                              │
│               │                    │                     │Upload: none                                               │
│               │                    │                     │Scan Time:   500ms                                         │
│               │                    │                     │                                                           │
│               │                    │                     │DATA INTEGRITY (SHA256):                                   │
│               │                    │                     │Local:  Calculating...                                     │
│               │                    │                     │Remote: Not uploaded                                       │
│               │                    │                     │                                                           │
│               │                    │                     │DETAILS / ERRORS:                                          │
│               │                    │                     │none                                                       │
│               │                    │                     │                                                           │
│               │                    │                     │                                                           │
│               ╰────────────────────╯─────────────────────╯                                                           │
│               │ Queue (Jobs)                             │                                                           │
│               │File                 Statu Size Progr Time│                                                           │
│               │📄  sales.csv         uploa 488. ░░░░░ 385d│                                                           │
│               │📄  expenses.csv      queue 292. ----- 385d│                                                           │
│               │📄  summary.pdf       scann 1.14 ----- 385d│                                                           │
│               │                                          │                                                           │
│               │                                          │                                                           │
│               │                                          │                                                           │
│               │                                          │                                                           │
│               │                                          │                                                           │
│               │                                          │                                                           │
│               │                                          │                                                           │
│               │                                          │                                                           │
│               │                                          │                                                           │
│               │                                          │                                                           │
│               │                                          │───────────────────────────────────────────────────────────╯
│               │                                          │ Metrics                                                   │
│               │                                          │Disk Read:  0 B               Net Down: 0 B                │
│               │                                          │Disk Write: 0 B               Net Up:   0 B                │
╰───────────────╰──────────────────────────────────────────╯───────────────────────────────────────────────────────────╯
↑/↓ Select  │  p Pause/Resume  │  +/- Pr             ClamAV: Connected  │  S3: Not Configured  │  Jobs: 3  │  Threats: 0
