---
source: tests/ui_tests.rs
expression: output
---
╭ Navigation ───╭ Local /test/path───╮ Remote (S3): 3 [Path╮ History [All] ────────────────────────────────────────────╮
│▌ Transfers    │ Size      Modified │Name                 │File                 Status           Size       Time      │
│  Quarantine   │ -         -        │> 📁  reports/        │                                                           │
│  Logs         │ -         -        │  📄  backup.zip      │                                                           │
│  Settings     │ 1.0 KB    -        │  📄  data.csv        │                                                           │
│               │ 2.0 MB    -        │                     │                                                           │
│               │                    │                     │                                                           │
│               │                    │                     │                                                           │
│               │                    │                     │                                                           │
│               │                    │                     │                                                           │
│               │                    │                     │                                                           │
│               │                    │                     │                                                           │
│               │                    │                     │                                                           │
│               │                    │                     │                                                           │
│               │                    │                     │                                                           │
│               │                    │                     │                                                           │
│               │                    │                     │                                                           │
│               │                    │                     │                                                           │
│               ╰────────────────────╯─────────────────────╯                                                           │
│               │ Queue (Jobs)                             │                                                           │
│               │File                 Statu Size Progr Time│                                                           │
│               │                                          │                                                           │
│               │                                          │                                                           │
│               │                                          │                                                           │
│               │                                          │                                                           │
│               │                                          │                                                           │
│               │                                          │                                                           │
│               │                                          │                                                           │
│               │                                          │                                                           │
│               │                                          │                                                           │
│               │                                          │                                                           │
│               │                                          │                                                           │
│               │                                          │                                                           │
│               │                                          │                                                           │
│               │                                          │───────────────────────────────────────────────────────────╯
│               │                                          │ Metrics                                                   │
│               │                                          │Disk Read:  0 B               Net Down: 0 B                │
│               │                                          │Disk Write: 0 B               Net Up:   0 B                │
╰───────────────╰──────────────────────────────────────────╯───────────────────────────────────────────────────────────╯
r Refresh  │  d Download  │  x Delete  │             ClamAV: Connected  │  S3: Not Configured  │  Jobs: 0  │  Threats: 0
