---
source: tests/ui_tests.rs
expression: output
---
╭ Navigation ───╭ Configuration ───────────────────────────╮ History [All] ────────────────────────────────────────────╮
│  Transfers    │ S3 Storage    │╭Profile─────────────────╮│File                     Result   Route    Size    Duration│
│  Quarantine   │ Scanner       ││Unconfigured            ││                                                           │
│  Logs         │ Performance   │╰────────────────────────╯│                                                           │
│▌ Settings     │ Theme         │╭Profile Name────────────╮│                                                           │
│               │               ││Unconfigured            ││                                                           │
│               │               │╰────────────────────────╯│                                                           │
│               │               │╭S3 Endpoint─────────────╮│                                                           │
│               │               ││                        ││                                                           │
│               │               │╰────────────────────────╯│                                                           │
│               │               │╭S3 Bucket───────────────╮│                                                           │
│               │               ││                        ││                                                           │
│               │               │╰────────────────────────╯│                                                           │
│               │               │╭S3 Region───────────────╮│                                                           │
│               │               ││                        ││                                                           │
│               │               │╰────────────────────────╯│                                                           │
│               │               │╭S3 Prefix───────────────╮│                                                           │
│               │               ││                        ││                                                           │
│               │               │╰────────────────────────╯│                                                           │
│               │               │╭S3 Access Key───────────╮│                                                           │
│               │               ││                        ││                                                           │
│               │               │╰────────────────────────╯│                                                           │
│               │               │╭S3 Secret Key───────────╮│                                                           │
│               │               ││*******                 ││                                                           │
│               │               │╰────────────────────────╯│                                                           │
│               │               │                          │                                                           │
│               │               │                          │                                                           │
│               │               │                          │                                                           │
│               │               │                          │                                                           │
│               │               │                          │                                                           │
│               │               │                          │                                                           │
│               │               │                          │                                                           │
│               │               │                          │                                                           │
│               │               │                          │                                                           │
│               │               │                          │───────────────────────────────────────────────────────────╯
│               │               │                          │ Metrics                                                   │
│               │               │                          │Disk Read:  0 B               Net Down: 0 B                │
│               │               │                          │Disk Write: 0 B               Net Up:   0 B                │
╰───────────────╰──────────────────────────────────────────╯───────────────────────────────────────────────────────────╯
Tab/→ Fields  │  ← Rail  │  ↑/↓ Category             ClamAV: Connected  │  S3: Not Configured  │  Jobs: 0  │  Threats: 0
